// Vitest Snapshot v1, https://vitest.dev/guide/snapshot.html

exports[`chat prompt > should format prompt with user message 1`] = `
"

Human:user message

Assistant:"
`;

exports[`chat prompt > should format prompt with user-assistant-user messages 1`] = `
"

Human:1st user message

Assistant:assistant message

Human:2nd user message

Assistant:"
`;

exports[`instruction prompt > should format prompt with instruction 1`] = `
"

Human:instruction

Assistant:"
`;

exports[`instruction prompt > should format prompt with instruction and response prefix 1`] = `
"

Human:instruction

Assistant:response prefix"
`;

exports[`instruction prompt > should format prompt with system and instruction 1`] = `
"system

Human:instruction

Assistant:"
`;

exports[`text prompt > should format prompt 1`] = `
"

Human:prompt

Assistant:"
`;
